// Jest Snapshot v1, https://goo.gl/fbAQLP

exports[`MovieDetails should be render 1`] = `
ShallowWrapper {
  "length": 1,
  Symbol(enzyme.__root__): [Circular],
  Symbol(enzyme.__unrendered__): <MovieDetails
    match={
        Object {
            "params": Object {
              "id": 1,
            },
          }
    }
/>,
  Symbol(enzyme.__renderer__): Object {
    "batchedUpdates": [Function],
    "getNode": [Function],
    "render": [Function],
    "simulateEvent": [Function],
    "unmount": [Function],
  },
  Symbol(enzyme.__node__): Object {
    "instance": null,
    "key": undefined,
    "nodeType": "host",
    "props": Object {
      "children": Array [
        <h1>
          Guardians of the Galaxy Vol. 2
</h1>,
        <img
          alt="Guardians of the Galaxy Vol. 2"
          class="img-poster"
          src="https://ia.media-imdb.com/images/M/MV5BMTg2MzI1MTg3OF5BMl5BanBnXkFtZTgwNTU3NDA2MTI@._V1_SX300.jpg"
/>,
        <ul>
          <li>
                    <b>
                              Year:
                    </b>
                     
                    2017
          </li>
          <li>
                    <b>
                              Genre:
                    </b>
                     
                    Action, Adventure, Sci-Fi
          </li>
          <li>
                    <b>
                              Director:
                    </b>
                     
                    James Gunn
          </li>
</ul>,
        <p>
          The Guardians must fight to keep their newfound family together as they unravel the mystery of Peter Quill's true parentage.
</p>,
      ],
      "class": "details",
    },
    "ref": null,
    "rendered": Array [
      Object {
        "instance": null,
        "key": undefined,
        "nodeType": "host",
        "props": Object {
          "children": "Guardians of the Galaxy Vol. 2",
        },
        "ref": null,
        "rendered": "Guardians of the Galaxy Vol. 2",
        "type": "h1",
      },
      Object {
        "instance": null,
        "key": undefined,
        "nodeType": "host",
        "props": Object {
          "alt": "Guardians of the Galaxy Vol. 2",
          "class": "img-poster",
          "src": "https://ia.media-imdb.com/images/M/MV5BMTg2MzI1MTg3OF5BMl5BanBnXkFtZTgwNTU3NDA2MTI@._V1_SX300.jpg",
        },
        "ref": null,
        "rendered": null,
        "type": "img",
      },
      Object {
        "instance": null,
        "key": undefined,
        "nodeType": "host",
        "props": Object {
          "children": Array [
            <li>
              <b>
                            Year:
              </b>
               
              2017
</li>,
            <li>
              <b>
                            Genre:
              </b>
               
              Action, Adventure, Sci-Fi
</li>,
            <li>
              <b>
                            Director:
              </b>
               
              James Gunn
</li>,
          ],
        },
        "ref": null,
        "rendered": Array [
          Object {
            "instance": null,
            "key": undefined,
            "nodeType": "host",
            "props": Object {
              "children": Array [
                <b>
                  Year:
</b>,
                " ",
                "2017",
              ],
            },
            "ref": null,
            "rendered": Array [
              Object {
                "instance": null,
                "key": undefined,
                "nodeType": "host",
                "props": Object {
                  "children": "Year:",
                },
                "ref": null,
                "rendered": "Year:",
                "type": "b",
              },
              " ",
              "2017",
            ],
            "type": "li",
          },
          Object {
            "instance": null,
            "key": undefined,
            "nodeType": "host",
            "props": Object {
              "children": Array [
                <b>
                  Genre:
</b>,
                " ",
                "Action, Adventure, Sci-Fi",
              ],
            },
            "ref": null,
            "rendered": Array [
              Object {
                "instance": null,
                "key": undefined,
                "nodeType": "host",
                "props": Object {
                  "children": "Genre:",
                },
                "ref": null,
                "rendered": "Genre:",
                "type": "b",
              },
              " ",
              "Action, Adventure, Sci-Fi",
            ],
            "type": "li",
          },
          Object {
            "instance": null,
            "key": undefined,
            "nodeType": "host",
            "props": Object {
              "children": Array [
                <b>
                  Director:
</b>,
                " ",
                "James Gunn",
              ],
            },
            "ref": null,
            "rendered": Array [
              Object {
                "instance": null,
                "key": undefined,
                "nodeType": "host",
                "props": Object {
                  "children": "Director:",
                },
                "ref": null,
                "rendered": "Director:",
                "type": "b",
              },
              " ",
              "James Gunn",
            ],
            "type": "li",
          },
        ],
        "type": "ul",
      },
      Object {
        "instance": null,
        "key": undefined,
        "nodeType": "host",
        "props": Object {
          "children": "The Guardians must fight to keep their newfound family together as they unravel the mystery of Peter Quill's true parentage.",
        },
        "ref": null,
        "rendered": "The Guardians must fight to keep their newfound family together as they unravel the mystery of Peter Quill's true parentage.",
        "type": "p",
      },
    ],
    "type": "div",
  },
  Symbol(enzyme.__nodes__): Array [
    Object {
      "instance": null,
      "key": undefined,
      "nodeType": "host",
      "props": Object {
        "children": Array [
          <h1>
            Guardians of the Galaxy Vol. 2
</h1>,
          <img
            alt="Guardians of the Galaxy Vol. 2"
            class="img-poster"
            src="https://ia.media-imdb.com/images/M/MV5BMTg2MzI1MTg3OF5BMl5BanBnXkFtZTgwNTU3NDA2MTI@._V1_SX300.jpg"
/>,
          <ul>
            <li>
                        <b>
                                    Year:
                        </b>
                         
                        2017
            </li>
            <li>
                        <b>
                                    Genre:
                        </b>
                         
                        Action, Adventure, Sci-Fi
            </li>
            <li>
                        <b>
                                    Director:
                        </b>
                         
                        James Gunn
            </li>
</ul>,
          <p>
            The Guardians must fight to keep their newfound family together as they unravel the mystery of Peter Quill's true parentage.
</p>,
        ],
        "class": "details",
      },
      "ref": null,
      "rendered": Array [
        Object {
          "instance": null,
          "key": undefined,
          "nodeType": "host",
          "props": Object {
            "children": "Guardians of the Galaxy Vol. 2",
          },
          "ref": null,
          "rendered": "Guardians of the Galaxy Vol. 2",
          "type": "h1",
        },
        Object {
          "instance": null,
          "key": undefined,
          "nodeType": "host",
          "props": Object {
            "alt": "Guardians of the Galaxy Vol. 2",
            "class": "img-poster",
            "src": "https://ia.media-imdb.com/images/M/MV5BMTg2MzI1MTg3OF5BMl5BanBnXkFtZTgwNTU3NDA2MTI@._V1_SX300.jpg",
          },
          "ref": null,
          "rendered": null,
          "type": "img",
        },
        Object {
          "instance": null,
          "key": undefined,
          "nodeType": "host",
          "props": Object {
            "children": Array [
              <li>
                <b>
                                Year:
                </b>
                 
                2017
</li>,
              <li>
                <b>
                                Genre:
                </b>
                 
                Action, Adventure, Sci-Fi
</li>,
              <li>
                <b>
                                Director:
                </b>
                 
                James Gunn
</li>,
            ],
          },
          "ref": null,
          "rendered": Array [
            Object {
              "instance": null,
              "key": undefined,
              "nodeType": "host",
              "props": Object {
                "children": Array [
                  <b>
                    Year:
</b>,
                  " ",
                  "2017",
                ],
              },
              "ref": null,
              "rendered": Array [
                Object {
                  "instance": null,
                  "key": undefined,
                  "nodeType": "host",
                  "props": Object {
                    "children": "Year:",
                  },
                  "ref": null,
                  "rendered": "Year:",
                  "type": "b",
                },
                " ",
                "2017",
              ],
              "type": "li",
            },
            Object {
              "instance": null,
              "key": undefined,
              "nodeType": "host",
              "props": Object {
                "children": Array [
                  <b>
                    Genre:
</b>,
                  " ",
                  "Action, Adventure, Sci-Fi",
                ],
              },
              "ref": null,
              "rendered": Array [
                Object {
                  "instance": null,
                  "key": undefined,
                  "nodeType": "host",
                  "props": Object {
                    "children": "Genre:",
                  },
                  "ref": null,
                  "rendered": "Genre:",
                  "type": "b",
                },
                " ",
                "Action, Adventure, Sci-Fi",
              ],
              "type": "li",
            },
            Object {
              "instance": null,
              "key": undefined,
              "nodeType": "host",
              "props": Object {
                "children": Array [
                  <b>
                    Director:
</b>,
                  " ",
                  "James Gunn",
                ],
              },
              "ref": null,
              "rendered": Array [
                Object {
                  "instance": null,
                  "key": undefined,
                  "nodeType": "host",
                  "props": Object {
                    "children": "Director:",
                  },
                  "ref": null,
                  "rendered": "Director:",
                  "type": "b",
                },
                " ",
                "James Gunn",
              ],
              "type": "li",
            },
          ],
          "type": "ul",
        },
        Object {
          "instance": null,
          "key": undefined,
          "nodeType": "host",
          "props": Object {
            "children": "The Guardians must fight to keep their newfound family together as they unravel the mystery of Peter Quill's true parentage.",
          },
          "ref": null,
          "rendered": "The Guardians must fight to keep their newfound family together as they unravel the mystery of Peter Quill's true parentage.",
          "type": "p",
        },
      ],
      "type": "div",
    },
  ],
  Symbol(enzyme.__options__): Object {
    "adapter": ReactSixteenAdapter {
      "options": Object {
        "enableComponentDidUpdateOnSetState": true,
      },
    },
  },
}
`;
